Sum: 15
Hello, Pogberry
a is less than b
while: 0
while: 1
while: 2
for: 0
for: 1
for: 2
Array: NaN
After remove: NaN
Map: NaN
Lang: Berry
Square of 5: 25
fib(6): 8
Buddy barks.
abs(-10): 10
floor(3.9): 3
